2025-04-04 04:17:11.328669 - Received CBT.V508.FILE1052.PDS from FILE1052.XMI 
2025-04-04 04:17:11.329817 - Found $$$#DATE.txt (text/plain) in CBT.V508.FILE1052.PDS, moved to PDS/$$$#DATE
2025-04-04 04:17:11.329964 - Found $$STORY.txt (text/plain) in CBT.V508.FILE1052.PDS, moved to PDS/$$STORY
2025-04-04 04:17:11.330139 - Found @FIL1052.txt (text/plain) in CBT.V508.FILE1052.PDS, moved to PDS/@FIL1052
2025-04-04 04:17:11.330270 - Found DVAT.txt (text/plain) in CBT.V508.FILE1052.PDS, moved to PDS/DVAT
2025-04-04 04:17:11.330387 - Found DVAT$.jcl (text/plain) in CBT.V508.FILE1052.PDS, moved to PDS/DVAT$
2025-04-04 04:17:11.330507 - Found TSOB.rexx (text/plain) in CBT.V508.FILE1052.PDS, moved to PDS/TSOB
2025-04-04 04:17:11.330643 - Found TSOE.rexx (text/plain) in CBT.V508.FILE1052.PDS, moved to PDS/TSOE
2025-04-04 04:17:11.330756 - Found TSOR.rexx (text/plain) in CBT.V508.FILE1052.PDS, moved to PDS/TSOR
2025-04-04 04:17:11.330868 - Found TSOV.rexx (text/plain) in CBT.V508.FILE1052.PDS, moved to PDS/TSOV
2025-04-04 04:17:11.330990 - Found UCBDASD.txt (text/plain) in CBT.V508.FILE1052.PDS, moved to PDS/UCBDASD
2025-04-04 04:17:11.331111 - Found UCBDASD$.jcl (text/plain) in CBT.V508.FILE1052.PDS, moved to PDS/UCBDASD$
2025-04-04 04:17:11.331230 - Found UCBPRIA.txt (text/plain) in CBT.V508.FILE1052.PDS, moved to PDS/UCBPRIA
2025-04-04 04:17:11.331342 - Found UCBPRIA$.jcl (text/plain) in CBT.V508.FILE1052.PDS, moved to PDS/UCBPRIA$
2025-04-04 04:17:11.331470 - Found UCBPRIV.txt (text/plain) in CBT.V508.FILE1052.PDS, moved to PDS/UCBPRIV
2025-04-04 04:17:11.331587 - Found UCBPRIV$.jcl (text/plain) in CBT.V508.FILE1052.PDS, moved to PDS/UCBPRIV$
2025-04-04 04:17:11.331723 - Found UCBPRIV#.txt (text/plain) in CBT.V508.FILE1052.PDS, moved to PDS/UCBPRIV#
2025-04-04 04:17:11.331857 - Found UCBPUBL.txt (text/plain) in CBT.V508.FILE1052.PDS, moved to PDS/UCBPUBL
2025-04-04 04:17:11.331970 - Found UCBPUBL$.jcl (text/plain) in CBT.V508.FILE1052.PDS, moved to PDS/UCBPUBL$
2025-04-04 04:17:11.332090 - Found UCBPUBL#.txt (text/plain) in CBT.V508.FILE1052.PDS, moved to PDS/UCBPUBL#
2025-04-04 04:17:11.332213 - Found UCBSTOR.txt (text/plain) in CBT.V508.FILE1052.PDS, moved to PDS/UCBSTOR
2025-04-04 04:17:11.332325 - Found UCBSTOR$.jcl (text/plain) in CBT.V508.FILE1052.PDS, moved to PDS/UCBSTOR$
2025-04-04 04:17:11.332438 - Found UCBSTOR#.txt (text/plain) in CBT.V508.FILE1052.PDS, moved to PDS/UCBSTOR#
